2026-07-07 11:21:26 | INFO | [权限管理] [查询] user=USER001 | url= | 查询用户权限列表
2026-07-07 11:21:39 | INFO | [用户认证] [登录] user=USER001 | url= | 用户 admin 登录成功
2026-07-07 11:21:39 | INFO | [用户认证] [登录] user= | url= | 用户 admin 登录成功
2026-07-07 11:21:39 | INFO | [权限管理] [查询] user=USER001 | url= | 查询用户权限列表
2026-07-07 11:21:40 | INFO | [权限管理] [查询] user=USER001 | url= | 查询用户权限列表
2026-07-07 13:41:22 | INFO | [权限管理] [查询] user=USER001 | url= | 查询用户权限列表
2026-07-07 13:41:30 | INFO | [权限管理] [查询] user=USER001 | url= | 查询用户权限列表
2026-07-07 13:42:33 | INFO | [权限管理] [查询] user=USER001 | url= | 查询用户权限列表
2026-07-07 13:42:43 | INFO | [权限管理] [查询] user=USER001 | url= | 查询用户权限列表
2026-07-07 13:42:43 | INFO | [权限管理] [查询] user=USER001 | url= | 查询用户权限列表
2026-07-07 13:42:49 | INFO | [权限管理] [查询] user=USER001 | url= | 查询用户权限列表
2026-07-07 13:43:01 | INFO | [权限管理] [查询] user=USER001 | url= | 查询用户权限列表
2026-07-07 13:43:03 | INFO | [权限管理] [查询] user=USER001 | url= | 查询用户权限列表
2026-07-07 13:43:06 | INFO | [权限管理] [查询] user=USER001 | url= | 查询用户权限列表
2026-07-07 13:45:19 | INFO | [权限管理] [查询] user=USER001 | url= | 查询用户权限列表
2026-07-07 13:46:38 | INFO | [用户管理] [注册] user=81478f9b121e4f808b247f880ad6c13c | url= | 新用户 lybix 注册成功，角色 student
2026-07-07 13:49:26 | INFO | [用户认证] [登录] user=81478f9b121e4f808b247f880ad6c13c | url= | 用户 lybix 登录成功
2026-07-07 13:49:26 | INFO | [用户认证] [登录] user= | url= | 用户 lybix 登录成功
2026-07-07 13:49:26 | INFO | [权限管理] [查询] user=81478f9b121e4f808b247f880ad6c13c | url= | 查询用户权限列表
2026-07-07 13:49:26 | INFO | [权限管理] [查询] user=81478f9b121e4f808b247f880ad6c13c | url= | 查询用户权限列表
2026-07-07 13:50:23 | INFO | [流程审批] [领用申请] user=81478f9b121e4f808b247f880ad6c13c | url= | 申请领用资产 AST_694E929DD3774705
2026-07-07 13:55:42 | INFO | [权限管理] [查询] user=81478f9b121e4f808b247f880ad6c13c | url= | 查询用户权限列表
2026-07-07 13:56:02 | INFO | [权限管理] [查询] user=81478f9b121e4f808b247f880ad6c13c | url= | 查询用户权限列表
2026-07-07 14:14:36 | INFO | [权限管理] [查询] user=81478f9b121e4f808b247f880ad6c13c | url= | 查询用户权限列表
2026-07-07 14:15:29 | INFO | [权限管理] [查询] user=81478f9b121e4f808b247f880ad6c13c | url= | 查询用户权限列表
2026-07-07 14:16:08 | INFO | [用户管理] [注册] user=bffcfc425cd9465b922d95437490b849 | url= | 新用户 libingxin-teacher 注册成功，角色 teacher
2026-07-07 14:16:08 | INFO | [用户管理] [注册] user=bffcfc425cd9465b922d95437490b849 | url= | 新用户 libingxin-teacher 注册成功，角色 teacher
2026-07-07 14:16:13 | INFO | [用户认证] [登录] user=bffcfc425cd9465b922d95437490b849 | url= | 用户 libingxin-teacher 登录成功
2026-07-07 14:16:13 | INFO | [用户认证] [登录] user= | url= | 用户 libingxin-teacher 登录成功
2026-07-07 14:16:13 | INFO | [权限管理] [查询] user=bffcfc425cd9465b922d95437490b849 | url= | 查询用户权限列表
2026-07-07 14:16:13 | INFO | [权限管理] [查询] user=bffcfc425cd9465b922d95437490b849 | url= | 查询用户权限列表
2026-07-07 14:17:16 | INFO | [用户认证] [登录] user=USER002 | url= | 用户 dept_admin 登录成功
2026-07-07 14:17:16 | INFO | [用户认证] [登录] user= | url= | 用户 dept_admin 登录成功
2026-07-07 14:17:16 | INFO | [权限管理] [查询] user=USER002 | url= | 查询用户权限列表
2026-07-07 14:17:16 | INFO | [权限管理] [查询] user=USER002 | url= | 查询用户权限列表
2026-07-07 14:24:16 | INFO | [权限管理] [查询] user=USER002 | url= | 查询用户权限列表
2026-07-07 14:24:21 | INFO | [权限管理] [查询] user=USER002 | url= | 查询用户权限列表
2026-07-07 14:24:36 | INFO | [用户认证] [登录] user=81478f9b121e4f808b247f880ad6c13c | url= | 用户 lybix 登录成功
2026-07-07 14:24:36 | INFO | [用户认证] [登录] user= | url= | 用户 lybix 登录成功
2026-07-07 14:24:36 | INFO | [权限管理] [查询] user=81478f9b121e4f808b247f880ad6c13c | url= | 查询用户权限列表
2026-07-07 14:24:37 | INFO | [权限管理] [查询] user=81478f9b121e4f808b247f880ad6c13c | url= | 查询用户权限列表
2026-07-07 14:26:18 | INFO | [权限管理] [查询] user=USER002 | url= | 查询用户权限列表
2026-07-07 14:26:28 | INFO | [权限管理] [查询] user=USER002 | url= | 查询用户权限列表
2026-07-07 14:34:46 | INFO | [权限管理] [查询] user=USER002 | url= | 查询用户权限列表
2026-07-07 14:35:06 | INFO | [权限管理] [查询] user=81478f9b121e4f808b247f880ad6c13c | url= | 查询用户权限列表
2026-07-07 14:35:15 | INFO | [权限管理] [查询] user=USER002 | url= | 查询用户权限列表
2026-07-07 15:08:17 | INFO | [权限管理] [查询] user=USER002 | url= | 查询用户权限列表
2026-07-07 15:08:25 | INFO | [权限管理] [查询] user=81478f9b121e4f808b247f880ad6c13c | url= | 查询用户权限列表
2026-07-07 15:16:00 | INFO | [权限管理] [查询] user=USER002 | url= | 查询用户权限列表
2026-07-07 15:16:04 | INFO | [流程审批] [学院初审] user=USER002 | url= | 流程 2ac6d71c156e411a9962b476f84cb6b7 初审 PASS
2026-07-07 15:16:13 | INFO | [权限管理] [查询] user=81478f9b121e4f808b247f880ad6c13c | url= | 查询用户权限列表
2026-07-07 15:16:21 | INFO | [权限管理] [查询] user=USER002 | url= | 查询用户权限列表
2026-07-07 15:19:57 | INFO | [权限管理] [查询] user=USER002 | url= | 查询用户权限列表
2026-07-07 15:19:59 | INFO | [权限管理] [查询] user=USER002 | url= | 查询用户权限列表
2026-07-07 15:20:15 | INFO | [权限管理] [查询] user=USER002 | url= | 查询用户权限列表
2026-07-07 15:20:27 | INFO | [权限管理] [查询] user=81478f9b121e4f808b247f880ad6c13c | url= | 查询用户权限列表
2026-07-07 15:20:34 | INFO | [用户认证] [登录] user=USER001 | url= | 用户 admin 登录成功
2026-07-07 15:20:34 | INFO | [用户认证] [登录] user= | url= | 用户 admin 登录成功
2026-07-07 15:20:34 | INFO | [权限管理] [查询] user=USER001 | url= | 查询用户权限列表
2026-07-07 15:20:34 | INFO | [权限管理] [查询] user=USER001 | url= | 查询用户权限列表
2026-07-07 15:22:05 | INFO | [权限管理] [查询] user=USER001 | url= | 查询用户权限列表
2026-07-07 15:22:09 | INFO | [权限管理] [查询] user=USER001 | url= | 查询用户权限列表
2026-07-07 15:22:13 | INFO | [权限管理] [查询] user=USER001 | url= | 查询用户权限列表
2026-07-07 15:22:40 | INFO | [用户认证] [登录] user=USER001 | url= | 用户 admin 登录成功
2026-07-07 15:22:40 | INFO | [用户认证] [登录] user= | url= | 用户 admin 登录成功
2026-07-07 15:22:40 | INFO | [权限管理] [查询] user=USER001 | url= | 查询用户权限列表
2026-07-07 15:22:40 | INFO | [权限管理] [查询] user=USER001 | url= | 查询用户权限列表
2026-07-07 15:22:47 | INFO | [流程审批] [校级复审] user=USER001 | url= | 流程 2ac6d71c156e411a9962b476f84cb6b7 复审 PASS
2026-07-07 15:22:58 | INFO | [权限管理] [查询] user=81478f9b121e4f808b247f880ad6c13c | url= | 查询用户权限列表
2026-07-07 15:23:12 | INFO | [流程审批] [资产归还] user=81478f9b121e4f808b247f880ad6c13c | url= | 归还领用单 4429a1973487457fa154de206f95a441
2026-07-07 15:24:43 | INFO | [流程审批] [报修申请] user=81478f9b121e4f808b247f880ad6c13c | url= | 报修资产 AST_694E929DD3774705
2026-07-07 15:24:53 | INFO | [用户认证] [登录] user=USER002 | url= | 用户 dept_admin 登录成功
2026-07-07 15:24:53 | INFO | [用户认证] [登录] user= | url= | 用户 dept_admin 登录成功
2026-07-07 15:24:53 | INFO | [权限管理] [查询] user=USER002 | url= | 查询用户权限列表
2026-07-07 15:24:53 | INFO | [权限管理] [查询] user=USER002 | url= | 查询用户权限列表
2026-07-07 15:25:01 | INFO | [流程审批] [学院初审] user=USER002 | url= | 流程 f293a7478aea4283af959dec02dc62d3 初审 PASS
2026-07-07 15:25:11 | INFO | [用户认证] [登录] user=USER001 | url= | 用户 admin 登录成功
2026-07-07 15:25:11 | INFO | [用户认证] [登录] user= | url= | 用户 admin 登录成功
2026-07-07 15:25:11 | INFO | [权限管理] [查询] user=USER001 | url= | 查询用户权限列表
2026-07-07 15:25:11 | INFO | [权限管理] [查询] user=USER001 | url= | 查询用户权限列表
2026-07-07 15:25:16 | INFO | [权限管理] [查询] user=81478f9b121e4f808b247f880ad6c13c | url= | 查询用户权限列表
2026-07-07 15:25:24 | INFO | [权限管理] [查询] user=USER001 | url= | 查询用户权限列表
2026-07-07 15:25:53 | INFO | [权限管理] [查询] user=USER001 | url= | 查询用户权限列表
2026-07-07 15:26:32 | INFO | [权限管理] [查询] user=USER001 | url= | 查询用户权限列表
2026-07-07 15:27:27 | INFO | [权限管理] [查询] user=81478f9b121e4f808b247f880ad6c13c | url= | 查询用户权限列表
2026-07-07 15:36:01 | INFO | [权限管理] [查询] user=USER001 | url= | 查询用户权限列表
2026-07-07 15:36:08 | INFO | [权限管理] [查询] user=81478f9b121e4f808b247f880ad6c13c | url= | 查询用户权限列表
2026-07-07 15:36:43 | INFO | [权限管理] [查询] user=USER001 | url= | 查询用户权限列表
2026-07-07 15:36:43 | INFO | [权限管理] [查询] user=USER001 | url= | 查询用户权限列表
2026-07-07 15:50:33 | INFO | [权限管理] [查询] user=USER001 | url= | 查询用户权限列表
2026-07-07 15:50:42 | INFO | [流程审批] [校级复审] user=USER001 | url= | 流程 f293a7478aea4283af959dec02dc62d3 复审 PASS
2026-07-07 15:51:44 | INFO | [用户认证] [登录] user=bffcfc425cd9465b922d95437490b849 | url= | 用户 libingxin-teacher 登录成功
2026-07-07 15:51:44 | INFO | [用户认证] [登录] user= | url= | 用户 libingxin-teacher 登录成功
2026-07-07 15:51:44 | INFO | [权限管理] [查询] user=bffcfc425cd9465b922d95437490b849 | url= | 查询用户权限列表
2026-07-07 15:51:44 | INFO | [权限管理] [查询] user=bffcfc425cd9465b922d95437490b849 | url= | 查询用户权限列表
2026-07-07 15:53:57 | INFO | [报修流程] [派单] user=USER001 | url= | 工单 9ca92b6d28344b74bd78d600a867a2c9 -> USERD73BD61A1D
2026-07-07 15:54:04 | INFO | [权限管理] [查询] user=USER001 | url= | 查询用户权限列表
2026-07-07 15:54:09 | INFO | [权限管理] [查询] user=USER001 | url= | 查询用户权限列表
2026-07-07 15:54:09 | INFO | [权限管理] [查询] user=USER001 | url= | 查询用户权限列表
2026-07-07 16:20:05 | INFO | [权限管理] [查询] user=USER001 | url= | 查询用户权限列表
2026-07-07 16:20:26 | INFO | [权限管理] [查询] user=bffcfc425cd9465b922d95437490b849 | url= | 查询用户权限列表
2026-07-07 16:20:41 | INFO | [权限管理] [查询] user=bffcfc425cd9465b922d95437490b849 | url= | 查询用户权限列表
2026-07-07 16:26:27 | INFO | [权限管理] [查询] user=USER001 | url= | 查询用户权限列表
2026-07-07 16:26:27 | INFO | [权限管理] [查询] user=USER001 | url= | 查询用户权限列表
2026-07-07 16:26:32 | INFO | [权限管理] [查询] user=USER001 | url= | 查询用户权限列表
2026-07-07 16:26:32 | INFO | [权限管理] [查询] user=USER001 | url= | 查询用户权限列表
2026-07-07 16:26:34 | INFO | [权限管理] [查询] user=USER001 | url= | 查询用户权限列表
2026-07-07 16:26:34 | INFO | [权限管理] [查询] user=USER001 | url= | 查询用户权限列表
2026-07-07 16:38:21 | INFO | [权限管理] [查询] user=USER001 | url= | 查询用户权限列表
2026-07-07 16:38:30 | INFO | [权限管理] [查询] user=USER001 | url= | 查询用户权限列表
2026-07-07 16:38:30 | INFO | [权限管理] [查询] user=USER001 | url= | 查询用户权限列表
2026-07-07 16:39:21 | INFO | [权限管理] [查询] user=bffcfc425cd9465b922d95437490b849 | url= | 查询用户权限列表
2026-07-07 16:42:08 | INFO | [用户认证] [登录] user=USER002 | url= | 用户 dept_admin 登录成功
2026-07-07 16:42:08 | INFO | [用户认证] [登录] user= | url= | 用户 dept_admin 登录成功
2026-07-07 16:42:08 | INFO | [权限管理] [查询] user=USER002 | url= | 查询用户权限列表
2026-07-07 16:42:08 | INFO | [权限管理] [查询] user=USER002 | url= | 查询用户权限列表
2026-07-07 19:51:54 | INFO | [权限管理] [查询] user=USER001 | url= | 查询用户权限列表
2026-07-07 19:52:01 | INFO | [权限管理] [查询] user=USER001 | url= | 查询用户权限列表
2026-07-07 19:52:01 | INFO | [权限管理] [查询] user=USER001 | url= | 查询用户权限列表
2026-07-07 19:52:15 | INFO | [权限管理] [查询] user=USER001 | url= | 查询用户权限列表
2026-07-07 19:52:44 | INFO | [权限管理] [查询] user=USER002 | url= | 查询用户权限列表
2026-07-07 19:54:31 | INFO | [权限管理] [查询] user=USER002 | url= | 查询用户权限列表
2026-07-07 19:55:05 | INFO | [用户认证] [登录] user=USER003 | url= | 用户 teacher 登录成功
2026-07-07 19:55:05 | INFO | [用户认证] [登录] user= | url= | 用户 teacher 登录成功
2026-07-07 19:55:05 | INFO | [权限管理] [查询] user=USER003 | url= | 查询用户权限列表
2026-07-07 19:55:05 | INFO | [权限管理] [查询] user=USER003 | url= | 查询用户权限列表
2026-07-07 19:55:28 | INFO | [流程审批] [报废申请] user=USER003 | url= | 申请报废资产 AST_437CE98421E146A0
2026-07-07 19:56:27 | INFO | [用户认证] [登录] user=USER002 | url= | 用户 dept_admin 登录成功
2026-07-07 19:56:27 | INFO | [用户认证] [登录] user= | url= | 用户 dept_admin 登录成功
2026-07-07 19:56:27 | INFO | [权限管理] [查询] user=USER002 | url= | 查询用户权限列表
2026-07-07 19:56:27 | INFO | [权限管理] [查询] user=USER002 | url= | 查询用户权限列表
2026-07-07 20:03:24 | INFO | [权限管理] [查询] user=USER002 | url= | 查询用户权限列表
2026-07-07 20:03:32 | INFO | [流程审批] [学院初审] user=USER002 | url= | 流程 4106b4a1874d4c888d45d0daab5dcbe9 初审 REJECT
2026-07-07 20:03:48 | INFO | [用户认证] [登录] user=USER003 | url= | 用户 teacher 登录成功
2026-07-07 20:03:48 | INFO | [用户认证] [登录] user= | url= | 用户 teacher 登录成功
2026-07-07 20:03:48 | INFO | [权限管理] [查询] user=USER003 | url= | 查询用户权限列表
2026-07-07 20:03:48 | INFO | [权限管理] [查询] user=USER003 | url= | 查询用户权限列表
2026-07-07 20:04:35 | INFO | [用户认证] [登录] user=USER004 | url= | 用户 student 登录成功
2026-07-07 20:04:35 | INFO | [用户认证] [登录] user= | url= | 用户 student 登录成功
2026-07-07 20:04:35 | INFO | [权限管理] [查询] user=USER004 | url= | 查询用户权限列表
2026-07-07 20:04:35 | INFO | [权限管理] [查询] user=USER004 | url= | 查询用户权限列表
2026-07-07 20:13:09 | INFO | [用户认证] [登录] user=USER003 | url= | 用户 teacher 登录成功
2026-07-07 20:13:09 | INFO | [用户认证] [登录] user= | url= | 用户 teacher 登录成功
2026-07-07 20:13:09 | INFO | [权限管理] [查询] user=USER003 | url= | 查询用户权限列表
2026-07-07 20:13:09 | INFO | [权限管理] [查询] user=USER003 | url= | 查询用户权限列表
