2026-07-11 08:06:37.251 | INFO     | __main__:<module>:63 - Gateway starting on port 9900, PID=32216
2026-07-11 08:07:23.365 | INFO     | __main__:log_requests:44 - GET /api/asset/status/list -> 200 (0.337s)
2026-07-11 08:07:23.601 | INFO     | __main__:log_requests:44 - GET /api/repair/list -> 200 (0.224s)
2026-07-11 08:07:23.602 | INFO     | __main__:log_requests:44 - GET /api/apply/pending -> 200 (0.221s)
2026-07-11 08:07:23.654 | INFO     | __main__:log_requests:44 - GET /api/report/dashboard -> 200 (0.278s)
2026-07-11 08:07:23.655 | INFO     | __main__:log_requests:44 - GET /api/report/asset -> 200 (0.277s)
2026-07-11 08:07:25.683 | INFO     | __main__:log_requests:44 - GET /api/dept/tree -> 200 (0.067s)
2026-07-11 08:07:25.683 | INFO     | __main__:log_requests:44 - GET /api/role/list -> 200 (0.069s)
2026-07-11 08:07:25.766 | INFO     | __main__:log_requests:44 - GET /api/user/list -> 200 (0.070s)
2026-07-11 08:07:26.494 | INFO     | __main__:log_requests:44 - GET /api/asset/category/list -> 200 (0.027s)
2026-07-11 08:07:26.507 | INFO     | __main__:log_requests:44 - GET /api/asset/status/list -> 200 (0.003s)
2026-07-11 08:07:26.533 | INFO     | __main__:log_requests:44 - GET /api/asset/list -> 200 (0.017s)
2026-07-11 08:07:29.521 | INFO     | __main__:log_requests:44 - GET /api/apply/my -> 200 (0.009s)
2026-07-11 08:07:30.478 | INFO     | __main__:log_requests:44 - GET /api/apply/pending -> 200 (0.007s)
2026-07-11 08:07:34.060 | INFO     | __main__:log_requests:44 - GET /api/apply/approved -> 200 (0.007s)
2026-07-11 08:07:37.098 | INFO     | __main__:log_requests:44 - GET /api/apply/approved -> 200 (0.006s)
2026-07-11 08:07:38.163 | INFO     | __main__:log_requests:44 - GET /api/apply/approved -> 200 (0.005s)
2026-07-11 08:07:38.732 | INFO     | __main__:log_requests:44 - GET /api/apply/approved -> 200 (0.005s)
2026-07-11 08:07:39.537 | INFO     | __main__:log_requests:44 - GET /api/apply/approved -> 200 (0.004s)
2026-07-11 08:07:42.805 | INFO     | __main__:log_requests:44 - GET /api/repair/list -> 200 (0.008s)
2026-07-11 08:07:43.806 | INFO     | __main__:log_requests:44 - GET /api/repair/list -> 200 (0.006s)
2026-07-11 08:07:44.608 | INFO     | __main__:log_requests:44 - GET /api/repair/list -> 200 (0.006s)
2026-07-11 08:07:45.959 | INFO     | __main__:log_requests:44 - GET /api/repair/list -> 200 (0.005s)
2026-07-11 08:07:46.915 | INFO     | __main__:log_requests:44 - GET /api/repair/list -> 200 (0.006s)
2026-07-11 08:07:48.514 | INFO     | __main__:log_requests:44 - GET /api/dept/tree -> 200 (0.003s)
2026-07-11 08:07:48.527 | INFO     | __main__:log_requests:44 - GET /api/repair/list -> 200 (0.005s)
2026-07-11 08:07:50.178 | INFO     | __main__:log_requests:44 - GET /api/repair/list -> 200 (0.006s)
2026-07-11 08:07:50.685 | INFO     | __main__:log_requests:44 - GET /api/repair/list -> 200 (0.005s)
2026-07-11 08:07:51.165 | INFO     | __main__:log_requests:44 - GET /api/repair/list -> 200 (0.005s)
2026-07-11 08:07:52.269 | INFO     | __main__:log_requests:44 - GET /api/dept/tree -> 200 (0.003s)
2026-07-11 08:07:52.289 | INFO     | __main__:log_requests:44 - GET /api/user/list -> 200 (0.020s)
2026-07-11 08:07:52.342 | INFO     | __main__:log_requests:44 - GET /api/check/task/list -> 200 (0.037s)
2026-07-11 08:07:54.362 | INFO     | __main__:log_requests:44 - GET /api/check/sheet/3 -> 200 (0.039s)
2026-07-11 08:09:59.696 | INFO     | __main__:log_requests:44 - GET /api/check/sheet/3 -> 200 (0.049s)
2026-07-11 08:10:36.849 | INFO     | __main__:log_requests:44 - GET /api/check/sheet/3 -> 200 (0.010s)
2026-07-11 08:11:04.035 | INFO     | __main__:log_requests:44 - POST /api/check/sheet/save -> 200 (0.024s)
2026-07-11 08:11:13.475 | INFO     | __main__:log_requests:44 - POST /api/auth/login -> 200 (0.325s)
2026-07-11 08:11:13.488 | INFO     | __main__:log_requests:44 - GET /api/user/profile -> 200 (0.008s)
2026-07-11 08:11:13.739 | INFO     | __main__:log_requests:44 - GET /api/asset/status/list -> 200 (0.016s)
2026-07-11 08:11:13.817 | INFO     | __main__:log_requests:44 - GET /api/report/dashboard -> 200 (0.067s)
2026-07-11 08:11:13.826 | INFO     | __main__:log_requests:44 - GET /api/apply/pending -> 200 (0.074s)
2026-07-11 08:11:13.845 | INFO     | __main__:log_requests:44 - GET /api/repair/list -> 200 (0.090s)
2026-07-11 08:11:13.845 | INFO     | __main__:log_requests:44 - GET /api/report/asset -> 200 (0.093s)
2026-07-11 08:11:14.648 | INFO     | __main__:log_requests:44 - GET /api/user/list -> 200 (0.027s)
2026-07-11 08:11:14.648 | INFO     | __main__:log_requests:44 - GET /api/dept/tree -> 200 (0.027s)
2026-07-11 08:11:14.665 | INFO     | __main__:log_requests:44 - GET /api/check/task/list -> 200 (0.009s)
2026-07-11 08:11:16.321 | INFO     | __main__:log_requests:44 - GET /api/check/sheet/3 -> 200 (0.007s)
2026-07-11 08:11:28.048 | INFO     | __main__:log_requests:44 - POST /api/auth/login -> 200 (0.248s)
2026-07-11 08:11:28.059 | INFO     | __main__:log_requests:44 - GET /api/user/profile -> 200 (0.007s)
2026-07-11 08:11:28.101 | INFO     | __main__:log_requests:44 - GET /api/asset/status/list -> 200 (0.004s)
2026-07-11 08:11:28.188 | INFO     | __main__:log_requests:44 - GET /api/report/dashboard -> 200 (0.044s)
2026-07-11 08:11:28.193 | INFO     | __main__:log_requests:44 - GET /api/repair/list -> 200 (0.042s)
2026-07-11 08:11:28.194 | INFO     | __main__:log_requests:44 - GET /api/report/asset -> 200 (0.046s)
2026-07-11 08:11:28.194 | INFO     | __main__:log_requests:44 - GET /api/apply/pending -> 200 (0.043s)
2026-07-11 08:11:28.994 | INFO     | __main__:log_requests:44 - GET /api/dept/tree -> 200 (0.015s)
2026-07-11 08:11:28.995 | INFO     | __main__:log_requests:44 - GET /api/user/list -> 200 (0.016s)
2026-07-11 08:11:29.011 | INFO     | __main__:log_requests:44 - GET /api/check/task/list -> 200 (0.009s)
2026-07-11 08:11:31.351 | INFO     | __main__:log_requests:44 - GET /api/user/list -> 200 (0.030s)
2026-07-11 08:11:31.352 | INFO     | __main__:log_requests:44 - GET /api/dept/tree -> 200 (0.031s)
2026-07-11 08:11:31.374 | INFO     | __main__:log_requests:44 - GET /api/check/task/list -> 200 (0.009s)
2026-07-11 08:11:33.437 | INFO     | __main__:log_requests:44 - GET /api/dept/tree -> 200 (0.004s)
2026-07-11 08:11:33.460 | INFO     | __main__:log_requests:44 - GET /api/repair/list -> 200 (0.008s)
2026-07-11 08:11:36.162 | INFO     | __main__:log_requests:44 - GET /api/asset/category/list -> 200 (0.007s)
2026-07-11 08:11:36.181 | INFO     | __main__:log_requests:44 - GET /api/asset/status/list -> 200 (0.004s)
2026-07-11 08:11:36.209 | INFO     | __main__:log_requests:44 - GET /api/asset/list -> 200 (0.014s)
2026-07-11 08:11:36.965 | INFO     | __main__:log_requests:44 - GET /api/user/list -> 200 (0.014s)
2026-07-11 08:11:36.967 | INFO     | __main__:log_requests:44 - GET /api/dept/tree -> 200 (0.016s)
2026-07-11 08:11:36.987 | INFO     | __main__:log_requests:44 - GET /api/check/task/list -> 200 (0.008s)
2026-07-11 08:11:45.630 | INFO     | __main__:log_requests:44 - GET /api/user/list -> 200 (0.020s)
2026-07-11 08:11:45.631 | INFO     | __main__:log_requests:44 - GET /api/dept/tree -> 200 (0.023s)
2026-07-11 08:11:45.648 | INFO     | __main__:log_requests:44 - GET /api/check/task/list -> 200 (0.008s)
2026-07-11 08:16:18.309 | INFO     | __main__:log_requests:44 - GET /api/dept/tree -> 200 (0.104s)
2026-07-11 08:16:18.315 | INFO     | __main__:log_requests:44 - GET /api/user/list -> 200 (0.090s)
2026-07-11 08:16:18.355 | INFO     | __main__:log_requests:44 - GET /api/check/task/list -> 200 (0.027s)
2026-07-11 08:16:20.470 | INFO     | __main__:log_requests:44 - GET /api/dept/tree -> 200 (0.005s)
2026-07-11 08:16:20.514 | INFO     | __main__:log_requests:44 - GET /api/repair/list -> 200 (0.028s)
2026-07-11 08:16:20.949 | INFO     | __main__:log_requests:44 - GET /api/dept/tree -> 200 (0.005s)
2026-07-11 08:16:20.965 | INFO     | __main__:log_requests:44 - GET /api/user/list -> 200 (0.016s)
2026-07-11 08:16:20.977 | INFO     | __main__:log_requests:44 - GET /api/check/task/list -> 200 (0.006s)
2026-07-11 08:16:27.998 | INFO     | __main__:log_requests:44 - GET /api/user/list -> 200 (0.021s)
2026-07-11 08:16:28.000 | INFO     | __main__:log_requests:44 - GET /api/dept/tree -> 200 (0.023s)
2026-07-11 08:16:28.020 | INFO     | __main__:log_requests:44 - GET /api/check/task/list -> 200 (0.008s)
2026-07-11 08:23:40.649 | INFO     | __main__:log_requests:44 - GET /api/dept/tree -> 200 (0.010s)
2026-07-11 08:23:40.666 | INFO     | __main__:log_requests:44 - GET /api/user/list -> 200 (0.025s)
2026-07-11 08:23:40.701 | INFO     | __main__:log_requests:44 - GET /api/check/task/list -> 200 (0.011s)
2026-07-11 08:24:29.154 | INFO     | __main__:log_requests:44 - GET /api/asset/status/list -> 200 (0.013s)
2026-07-11 08:24:29.243 | INFO     | __main__:log_requests:44 - GET /api/repair/list -> 200 (0.067s)
2026-07-11 08:24:29.285 | INFO     | __main__:log_requests:44 - GET /api/report/asset -> 200 (0.113s)
2026-07-11 08:24:29.287 | INFO     | __main__:log_requests:44 - GET /api/apply/pending -> 200 (0.109s)
2026-07-11 08:24:29.287 | INFO     | __main__:log_requests:44 - GET /api/report/dashboard -> 200 (0.111s)
2026-07-11 08:24:30.683 | INFO     | __main__:log_requests:44 - GET /api/asset/category/list -> 200 (0.010s)
2026-07-11 08:24:30.698 | INFO     | __main__:log_requests:44 - GET /api/asset/status/list -> 200 (0.004s)
2026-07-11 08:24:30.728 | INFO     | __main__:log_requests:44 - GET /api/asset/list -> 200 (0.019s)
2026-07-11 08:32:41.361 | INFO     | __main__:log_requests:44 - GET /api/dept/tree -> 200 (0.054s)
2026-07-11 08:32:41.365 | INFO     | __main__:log_requests:44 - GET /api/user/list -> 200 (0.052s)
2026-07-11 08:32:41.388 | INFO     | __main__:log_requests:44 - GET /api/check/task/list -> 200 (0.014s)
2026-07-11 08:43:27.067 | INFO     | __main__:<module>:63 - Gateway starting on port 9900, PID=20296
2026-07-11 08:43:37.041 | INFO     | __main__:log_requests:44 - GET /api/user/list -> 200 (0.140s)
2026-07-11 08:43:37.041 | INFO     | __main__:log_requests:44 - GET /api/dept/tree -> 200 (0.193s)
2026-07-11 08:43:37.098 | INFO     | __main__:log_requests:44 - GET /api/check/task/list -> 200 (0.045s)
2026-07-11 08:43:39.521 | INFO     | __main__:log_requests:44 - GET /api/check/sheet/3 -> 200 (0.027s)
2026-07-11 08:48:40.253 | INFO     | __main__:log_requests:44 - GET /api/dept/tree -> 200 (0.018s)
2026-07-11 08:48:40.253 | INFO     | __main__:log_requests:44 - GET /api/user/list -> 200 (0.019s)
2026-07-11 08:48:40.269 | INFO     | __main__:log_requests:44 - GET /api/check/task/list -> 200 (0.007s)
2026-07-11 08:48:41.767 | INFO     | __main__:log_requests:44 - GET /api/check/sheet/1 -> 200 (0.007s)
2026-07-11 08:48:44.615 | INFO     | __main__:log_requests:44 - GET /api/dept/tree -> 200 (0.006s)
2026-07-11 08:48:44.629 | INFO     | __main__:log_requests:44 - GET /api/user/list -> 200 (0.014s)
2026-07-11 08:48:44.642 | INFO     | __main__:log_requests:44 - GET /api/check/task/list -> 200 (0.005s)
2026-07-11 08:49:04.418 | INFO     | __main__:log_requests:44 - GET /api/check/sheet/1 -> 200 (0.008s)
2026-07-11 08:49:33.603 | INFO     | __main__:log_requests:44 - GET /api/check/sheet/0 -> 200 (0.005s)
2026-07-11 08:54:25.893 | INFO     | __main__:log_requests:44 - POST /api/check/sheet/save -> 200 (0.010s)
2026-07-11 08:54:31.996 | INFO     | __main__:log_requests:44 - GET /api/check/sheet/1 -> 200 (0.027s)
2026-07-11 08:54:32.897 | INFO     | __main__:log_requests:44 - GET /api/dept/tree -> 200 (0.027s)
2026-07-11 08:54:32.898 | INFO     | __main__:log_requests:44 - GET /api/user/list -> 200 (0.027s)
2026-07-11 08:54:32.916 | INFO     | __main__:log_requests:44 - GET /api/check/task/list -> 200 (0.007s)
2026-07-11 08:54:35.473 | INFO     | __main__:log_requests:44 - GET /api/check/sheet/1 -> 200 (0.010s)
2026-07-11 08:54:37.343 | INFO     | __main__:log_requests:44 - POST /api/check/sheet/save -> 200 (0.004s)
2026-07-11 08:56:19.917 | INFO     | __main__:log_requests:44 - GET /api/check/sheet/1 -> 200 (0.013s)
2026-07-11 08:56:34.660 | INFO     | __main__:log_requests:44 - POST /api/check/diff/analyze -> 200 (0.158s)
2026-07-11 08:56:38.141 | INFO     | __main__:log_requests:44 - GET /api/asset/status/list -> 200 (0.019s)
2026-07-11 08:56:38.326 | INFO     | __main__:log_requests:44 - GET /api/repair/list -> 200 (0.174s)
2026-07-11 08:56:38.374 | INFO     | __main__:log_requests:44 - GET /api/apply/pending -> 200 (0.221s)
2026-07-11 08:56:38.374 | INFO     | __main__:log_requests:44 - GET /api/report/dashboard -> 200 (0.225s)
2026-07-11 08:56:38.376 | INFO     | __main__:log_requests:44 - GET /api/report/asset -> 200 (0.224s)
2026-07-11 08:56:39.353 | INFO     | __main__:log_requests:44 - GET /api/user/list -> 200 (0.016s)
2026-07-11 08:56:39.353 | INFO     | __main__:log_requests:44 - GET /api/dept/tree -> 200 (0.016s)
2026-07-11 08:56:39.370 | INFO     | __main__:log_requests:44 - GET /api/check/task/list -> 200 (0.009s)
2026-07-11 08:56:40.570 | INFO     | __main__:log_requests:44 - GET /api/check/diff/1 -> 200 (0.007s)
2026-07-11 08:56:41.656 | INFO     | __main__:log_requests:44 - GET /api/user/list -> 200 (0.017s)
2026-07-11 08:56:41.658 | INFO     | __main__:log_requests:44 - GET /api/dept/tree -> 200 (0.018s)
2026-07-11 08:56:41.675 | INFO     | __main__:log_requests:44 - GET /api/check/task/list -> 200 (0.008s)
2026-07-11 08:56:42.719 | INFO     | __main__:log_requests:44 - GET /api/check/diff/3 -> 200 (0.005s)
2026-07-11 08:56:43.710 | INFO     | __main__:log_requests:44 - GET /api/user/list -> 200 (0.014s)
2026-07-11 08:56:43.711 | INFO     | __main__:log_requests:44 - GET /api/dept/tree -> 200 (0.014s)
2026-07-11 08:56:43.723 | INFO     | __main__:log_requests:44 - GET /api/check/task/list -> 200 (0.006s)
2026-07-11 08:56:44.384 | INFO     | __main__:log_requests:44 - GET /api/check/diff/1 -> 200 (0.004s)
2026-07-11 08:56:45.786 | INFO     | __main__:log_requests:44 - GET /api/user/list -> 200 (0.014s)
2026-07-11 08:56:45.788 | INFO     | __main__:log_requests:44 - GET /api/dept/tree -> 200 (0.015s)
2026-07-11 08:56:45.802 | INFO     | __main__:log_requests:44 - GET /api/check/task/list -> 200 (0.006s)
2026-07-11 08:56:46.835 | INFO     | __main__:log_requests:44 - GET /api/check/sheet/1 -> 200 (0.008s)
2026-07-11 08:56:48.885 | INFO     | __main__:log_requests:44 - POST /api/check/sheet/save -> 200 (0.006s)
2026-07-11 09:08:13.013 | INFO     | __main__:log_requests:44 - GET /api/check/sheet/1 -> 200 (0.065s)
2026-07-11 09:08:15.357 | INFO     | __main__:log_requests:44 - POST /api/check/sheet/save -> 200 (0.006s)
2026-07-11 09:11:38.299 | INFO     | __main__:log_requests:44 - GET /api/check/sheet/1 -> 200 (0.011s)
2026-07-11 09:12:19.279 | INFO     | __main__:log_requests:44 - GET /api/check/sheet/1 -> 200 (0.012s)
2026-07-11 09:12:19.776 | INFO     | __main__:log_requests:44 - GET /api/check/sheet/1 -> 200 (0.008s)
2026-07-11 09:12:29.085 | INFO     | __main__:log_requests:44 - GET /api/user/list -> 200 (0.040s)
2026-07-11 09:12:29.110 | INFO     | __main__:log_requests:44 - GET /api/dept/tree -> 200 (0.026s)
2026-07-11 09:12:29.133 | INFO     | __main__:log_requests:44 - GET /api/check/task/list -> 200 (0.012s)
2026-07-11 09:12:30.895 | INFO     | __main__:log_requests:44 - GET /api/check/sheet/3 -> 200 (0.007s)
2026-07-11 09:16:23.500 | INFO     | __main__:log_requests:44 - POST /api/check/sheet/save -> 200 (0.008s)
2026-07-11 09:18:44.062 | INFO     | __main__:log_requests:44 - POST /api/check/sheet/save -> 200 (0.061s)
2026-07-11 09:20:37.799 | INFO     | __main__:log_requests:44 - GET /api/user/profile -> 200 (0.039s)
2026-07-11 09:20:39.053 | INFO     | __main__:log_requests:44 - GET /api/dept/tree -> 200 (0.010s)
2026-07-11 09:20:39.084 | INFO     | __main__:log_requests:44 - GET /api/user/list -> 200 (0.035s)
2026-07-11 09:20:39.103 | INFO     | __main__:log_requests:44 - GET /api/check/task/list -> 200 (0.010s)
2026-07-11 09:20:42.241 | INFO     | __main__:log_requests:44 - GET /api/check/sheet/3 -> 200 (0.011s)
2026-07-11 09:20:53.257 | INFO     | __main__:log_requests:44 - POST /api/auth/login -> 200 (0.254s)
2026-07-11 09:20:53.270 | INFO     | __main__:log_requests:44 - GET /api/user/profile -> 200 (0.007s)
2026-07-11 09:20:53.506 | INFO     | __main__:log_requests:44 - GET /api/asset/status/list -> 200 (0.015s)
2026-07-11 09:20:53.615 | INFO     | __main__:log_requests:44 - GET /api/report/dashboard -> 200 (0.095s)
2026-07-11 09:20:53.615 | INFO     | __main__:log_requests:44 - GET /api/repair/list -> 200 (0.089s)
2026-07-11 09:20:53.638 | INFO     | __main__:log_requests:44 - GET /api/apply/pending -> 200 (0.110s)
2026-07-11 09:20:53.640 | INFO     | __main__:log_requests:44 - GET /api/report/asset -> 200 (0.116s)
2026-07-11 09:20:54.858 | INFO     | __main__:log_requests:44 - GET /api/dept/tree -> 200 (0.007s)
2026-07-11 09:20:54.887 | INFO     | __main__:log_requests:44 - GET /api/user/list -> 200 (0.030s)
2026-07-11 09:20:54.914 | INFO     | __main__:log_requests:44 - GET /api/check/task/list -> 200 (0.009s)
2026-07-11 09:20:56.225 | INFO     | __main__:log_requests:44 - GET /api/check/sheet/3 -> 200 (0.006s)
2026-07-11 09:21:03.857 | INFO     | __main__:log_requests:44 - GET /api/check/sheet/3 -> 200 (0.012s)
